// Jest Snapshot v1, https://goo.gl/fbAQLP

exports[`extract-events.test ts event extractor - large file 1`] = `
"import { withClientData } from "@/components";
export function DeeplyNestedComponent() {
    return (<button onclick={withClientData({}, (ev, actions) => { return window.sxl_user.fn7377f93f0e35f7fe806e1e81120aeab5(ev, actions); })}>
      Click to greet user
    </button>);
}
/**
 * Contains a handler with the exact same code as DeeplyNestedComponent
 * @returns
 */
export function DeeplyNestedComponent2() {
    return (<button onclick={withClientData({}, (ev, actions) => { return window.sxl_user.fn7377f93f0e35f7fe806e1e81120aeab5(ev, actions); })}>
      Click to greet user
    </button>);
}
export function NestedComponent() {
    return (<div>
      <DeeplyNestedComponent />
      <button onclick={withClientData({}, (ev, actions) => { return window.sxl_user.fn0722c48dbc0caab0969e3b183c574489(ev, actions); })}>
        Click to greet user
      </button>
      <DeeplyNestedComponent2 />
    </div>);
}
function LoopedComponent() {
    return (<>
      {new Array(5).fill(true).map((_, index) => (<button onclick={withClientData({ index }, (ev, _, data) => { return window.sxl_user.fnbdf4b7850b98807cc4e6a97b676403dc(ev, _, data); })}>
          Click {index}
        </button>))}
    </>);
}
export function MyComponent() {
    const user = { firstName: "John" };
    return (<div>
      <NestedComponent />
      <LoopedComponent />
      <button onclick={withClientData(user, (ev, actions, data) => { return window.sxl_user.fn6baf69addf06de37f253545936c58b1a(ev, actions, data); })}>
        Click to greet user
      </button>
    </div>);
}
"
`;

exports[`extract-events.test ts event extractor - large file 2`] = `
"
import { withClientData } from "lean-web-utils/server";
type Arg = Parameters<typeof withClientData>[1]
// file.tsx
export const fn7377f93f0e35f7fe806e1e81120aeab5 = (ev, actions) => {
void actions.refetchAPIC("my-element2", {});
};
export const fn0722c48dbc0caab0969e3b183c574489 = (ev, actions) => {
void actions.refetchAPIC("my-element", {});
};
export const fnbdf4b7850b98807cc4e6a97b676403dc = (ev, _, data) =>
console.log(data.index);
export const fn6baf69addf06de37f253545936c58b1a = (ev, actions, data) => {
alert(\`Hello \${data.firstName}\`);
};
"
`;
