// Jest Snapshot v1, https://goo.gl/fbAQLP

exports[`extract-events.test ts event extractor - large file 1`] = `
"import { withClientData } from "@/components";
export function DeeplyNestedComponent() {
    return (<button onclick={withClientData({}, (ev, webContext) => { return window.sxl_user.fnd081dcab1e53b3a4c4d0ea0bac08a145(ev, webContext); })}>
      Click to greet user
    </button>);
}
/**
 * Contains a handler with the exact same code as DeeplyNestedComponent
 * @returns
 */
export function DeeplyNestedComponent2() {
    return (<button onclick={withClientData({}, (ev, webContext) => { return window.sxl_user.fnd081dcab1e53b3a4c4d0ea0bac08a145(ev, webContext); })}>
      Click to greet user
    </button>);
}
export function NestedComponent() {
    return (<div>
      <DeeplyNestedComponent />
      <button onclick={withClientData({}, (ev, webContext) => { return window.sxl_user.fn7a4096670ef04924e2d51e34d5ce00bb(ev, webContext); })}>
        Click to greet user
      </button>
      <DeeplyNestedComponent2 />
    </div>);
}
function LoopedComponent() {
    return (<>
      {new Array(5).fill(true).map((_, index) => (<button onclick={withClientData({ index }, (ev, ctx) => { return window.sxl_user.fne2d1baf08cbabd3ac0dcb1567d9daca6(ev, ctx); })}>
          Click {index}
        </button>))}
    </>);
}
export function MyComponent() {
    const user = { firstName: "John" };
    return (<div>
      <NestedComponent />
      <LoopedComponent />
      <button onclick={withClientData(user, (ev, webContext) => { return window.sxl_user.fn1df5886bdd2568fbcf9dd57a969949e8(ev, webContext); })}>
        Click to greet user
      </button>
    </div>);
}
"
`;

exports[`extract-events.test ts event extractor - large file 2`] = `
"
import { withClientData } from "lean-web-utils/lib/server";
type Arg = Parameters<typeof withClientData>[1]
// file.tsx
export const fnd081dcab1e53b3a4c4d0ea0bac08a145 = (ev, webContext) => {
void webContext?.actions.refetchElement("my-element2", {});
};
export const fn7a4096670ef04924e2d51e34d5ce00bb = (ev, webContext) => {
void webContext?.actions.refetchElement("my-element", {});
};
export const fne2d1baf08cbabd3ac0dcb1567d9daca6 = (ev, ctx) =>
console.log(ctx?.data.index);
export const fn1df5886bdd2568fbcf9dd57a969949e8 = (ev, webContext) => {
alert(\`Hello \${webContext?.data.firstName}\`);
};
"
`;
